[2026-08-19 07:00:22] workflow started for story-048
[2026-08-19 07:00:22] implementer stage started
[2026-08-19 07:08:54] implementer stage completed
[2026-08-19 07:08:54] tester stage started
[2026-08-19 07:43:03] tester stage completed
[2026-08-19 07:43:03] documenter stage started
[2026-08-19 07:46:31] documenter stage completed
[2026-08-19 07:46:31] verifier stage started
[2026-08-19 07:48:48] verification failed; retry 1 of 2 rerouted to tester for validation
[2026-08-19 07:48:48] tester stage started
[2026-08-19 08:17:26] tester stage completed
[2026-08-19 08:17:26] documenter stage started
[2026-08-19 08:21:31] documenter stage completed
[2026-08-19 08:21:31] verifier stage started
[2026-08-19 08:32:39] verification failed; retry 2 of 2 rerouted to tester for validation
[2026-08-19 08:32:39] tester stage started
[2026-08-19 08:50:47] tester stage completed
[2026-08-19 08:50:47] documenter stage started
[2026-08-19 08:53:32] documenter stage completed
[2026-08-19 08:53:32] verifier stage started
[2026-08-19 08:56:02] escalated: verification failed and retries are exhausted
